%!Adobe-FontList 1.14
%Locale:0x409

%BeginFont
Handler:DirectoryHandler
FontType:Invalid
OutlineFileName:\.DS_Store
FileLength:6148
FileModTime:1403880268
%EndFont

%BeginFont
Handler:DirectoryHandler
FontType:Type1
FontName:AkkuratStd-Light
FamilyName:AkkuratStd
StyleName:Light
MenuName:AkkuratStd Light
StyleBits:0
WeightClass:300
WidthClass:5
AngleClass:0
FullName:AkkuratStd-Light
WritingScript:Roman
OutlineFileName:\AkkuratStd-Light.otf
DataFormat:sfntData
UsesStandardEncoding:yes
isCFF:yes
FileLength:40888
FileModTime:1253785988
%EndFont

%BeginFont
Handler:DirectoryHandler
FontType:TrueType
FontName:Cunardia
FamilyName:Cunardia
StyleName:Regular
MenuName:Cunardia
StyleBits:0
WeightClass:400
WidthClass:5
AngleClass:0
FullName:Cunardia
WritingScript:Roman
OutlineFileName:\Cunardia
DataFormat:sfntResource
ResourceID:14242
FileLength:24908
FileModTime:1146765556
%EndFont

%BeginFont
Handler:DirectoryHandler
FontType:Suitcase
FontName:Cunardia
OutlineFileName:\Cunardia
ResourceID:2796
MacStyle:0
FileLength:24908
FileModTime:1146765556
%EndFont

%BeginFont
Handler:DirectoryHandler
FontType:Suitcase
FontName:Futura-LightOblique
OutlineFileName:\Futura 1
ResourceID:14871
MacStyle:0
FileLength:163109
FileModTime:669647109
%EndFont

%BeginFont
Handler:DirectoryHandler
FontType:Suitcase
FontName:Futura-Light
OutlineFileName:\Futura 1
ResourceID:14872
MacStyle:0
FileLength:163109
FileModTime:669647109
%EndFont

%BeginFont
Handler:DirectoryHandler
FontType:Suitcase
FontName:Futura-LightOblique
OutlineFileName:\Futura 1
ResourceID:14872
MacStyle:2
FileLength:163109
FileModTime:669647109
%EndFont

%BeginFont
Handler:DirectoryHandler
FontType:Suitcase
FontName:Futura-Bold
OutlineFileName:\Futura 1
ResourceID:14868
MacStyle:0
FileLength:163109
FileModTime:669647109
%EndFont

%BeginFont
Handler:DirectoryHandler
FontType:Suitcase
FontName:Futura-BoldOblique
OutlineFileName:\Futura 1
ResourceID:14868
MacStyle:2
FileLength:163109
FileModTime:669647109
%EndFont

%BeginFont
Handler:DirectoryHandler
FontType:Suitcase
FontName:Futura-BoldOblique
OutlineFileName:\Futura 1
ResourceID:14867
MacStyle:0
FileLength:163109
FileModTime:669647109
%EndFont

%BeginFont
Handler:DirectoryHandler
FontType:Suitcase
FontName:Futura-Book
OutlineFileName:\Futura 1
ResourceID:14870
MacStyle:0
FileLength:163109
FileModTime:669647109
%EndFont

%BeginFont
Handler:DirectoryHandler
FontType:Suitcase
FontName:Futura-Bold
OutlineFileName:\Futura 1
ResourceID:14870
MacStyle:1
FileLength:163109
FileModTime:669647109
%EndFont

%BeginFont
Handler:DirectoryHandler
FontType:Suitcase
FontName:Futura-BookOblique
OutlineFileName:\Futura 1
ResourceID:14870
MacStyle:2
FileLength:163109
FileModTime:669647109
%EndFont

%BeginFont
Handler:DirectoryHandler
FontType:Suitcase
FontName:Futura-BoldOblique
OutlineFileName:\Futura 1
ResourceID:14870
MacStyle:3
FileLength:163109
FileModTime:669647109
%EndFont

%BeginFont
Handler:DirectoryHandler
FontType:Suitcase
FontName:Futura-BookOblique
OutlineFileName:\Futura 1
ResourceID:14869
MacStyle:0
FileLength:163109
FileModTime:669647109
%EndFont

%BeginFont
Handler:DirectoryHandler
FontType:Suitcase
FontName:Futura-BoldOblique
OutlineFileName:\Futura 1
ResourceID:14869
MacStyle:1
FileLength:163109
FileModTime:669647109
%EndFont

%BeginFont
Handler:DirectoryHandler
FontType:Type1
FontName:Futura-BookOblique
FamilyName:Futura
StyleName:Book Oblique
MenuName:Futura Book
StyleBits:1
WeightClass:400
WidthClass:5
AngleClass:1
FullName:Futura Book Oblique
WritingScript:Roman
OutlineFileName:\FuturBooObl
DataFormat:POSTResource
UsesStandardEncoding:yes
isCFF:no
FileLength:36781
FileModTime:559243541
DesignSize:-1
%EndFont

%BeginFont
Handler:DirectoryHandler
FontType:Type1
FontName:SangBleuBPSans-Light
FamilyName:SangBleu BP Sans
StyleName:Light
MenuName:SangBleu BP Sans Light
StyleBits:0
WeightClass:300
WidthClass:5
AngleClass:0
FullName:SangBleu BP Sans Light
WritingScript:Roman
OutlineFileName:\SangBleuBPSans-Light_1.otf
DataFormat:sfntData
UsesStandardEncoding:yes
isCFF:yes
FileLength:181872
FileModTime:1367489418
%EndFont

